#-----------------------------------------------------------
# Vivado v2024.2 (64-bit)
# SW Build 5239630 on Fri Nov 08 22:34:34 MST 2024
# IP Build 5239520 on Sun Nov 10 16:12:51 MST 2024
# SharedData Build 5239561 on Fri Nov 08 14:39:27 MST 2024
# Start of session at: Wed Jul  2 17:37:06 2025
# Process ID         : 74644
# Current directory  : /home/go/Desktop/ZyboZ7_10_Renderer/workspace_vivado/workspace_vivado.runs/main_axi_mem_intercon_imp_auto_pc_0_synth_1
# Command line       : vivado -log main_axi_mem_intercon_imp_auto_pc_0.vds -product Vivado -mode batch -messageDb vivado.pb -notrace -source main_axi_mem_intercon_imp_auto_pc_0.tcl
# Log file           : /home/go/Desktop/ZyboZ7_10_Renderer/workspace_vivado/workspace_vivado.runs/main_axi_mem_intercon_imp_auto_pc_0_synth_1/main_axi_mem_intercon_imp_auto_pc_0.vds
# Journal file       : /home/go/Desktop/ZyboZ7_10_Renderer/workspace_vivado/workspace_vivado.runs/main_axi_mem_intercon_imp_auto_pc_0_synth_1/vivado.jou
# Running On         : go
# Platform           : Arch
# Operating System   : Arch Linux
# Processor Detail   : 11th Gen Intel(R) Core(TM) i5-11320H @ 3.20GHz
# CPU Frequency      : 4300.000 MHz
# CPU Physical cores : 4
# CPU Logical cores  : 8
# Host memory        : 16537 MB
# Swap memory        : 8589 MB
# Total Virtual      : 25127 MB
# Available Virtual  : 14306 MB
#-----------------------------------------------------------
source main_axi_mem_intercon_imp_auto_pc_0.tcl -notrace
